\BOOKMARK [1][-]{section.1}{\376\377\000S\000c\000o\000p\000e\000,\000\040\000c\000o\000n\000v\000e\000n\000t\000i\000o\000n\000s\000,\000\040\000a\000n\000d\000\040\000n\000o\000t\000a\000t\000i\000o\000n}{}% 1
\BOOKMARK [1][-]{section.2}{\376\377\000T\000h\000e\000\040\000g\000e\000n\000e\000r\000a\000l\000\040\000r\000e\000c\000o\000n\000s\000t\000r\000u\000c\000t\000e\000d\000\040\0002\000-\000R\000D\000M\000\040\000[\000E\000q\000s\000.\000\040\000\050\0009\0008\000a\000\051\040\023\000\050\0009\0008\000f\000\051\000]}{}% 2
\BOOKMARK [1][-]{section.3}{\376\377\000E\000x\000p\000l\000i\000c\000i\000t\000\040\0002\000-\000R\000D\000M\000\040\000e\000l\000e\000m\000e\000n\000t\000s\000\040\000f\000o\000r\000\040\000e\000a\000c\000h\000\040\000f\000u\000n\000c\000t\000i\000o\000n\000a\000l}{}% 3
\BOOKMARK [2][-]{subsubsection.3.0.1}{\376\377\000P\000N\000O\000F\0005}{section.3}% 4
\BOOKMARK [3][-]{subsubsection.3.0.2}{\376\377\000P\000N\000O\000F\0007}{subsubsection.3.0.1}% 5
\BOOKMARK [3][-]{subsubsection.3.0.3}{\376\377\000P\000N\000O\000F\0007\000s}{subsubsection.3.0.1}% 6
\BOOKMARK [3][-]{subsubsection.3.0.4}{\376\377\000G\000N\000O\000F}{subsubsection.3.0.1}% 7
\BOOKMARK [1][-]{section.4}{\376\377\000T\000h\000e\000\040\000e\000n\000e\000r\000g\000y\000\040\000e\000x\000p\000r\000e\000s\000s\000i\000o\000n\000,\000\040\000E\000q\000.\000\040\000\050\0006\0004\000\051}{}% 8
\BOOKMARK [2][-]{subsection.4.1}{\376\377\000T\000h\000e\000\040\000h\000-\000b\000l\000o\000c\000k}{section.4}% 9
\BOOKMARK [2][-]{subsection.4.2}{\376\377\000T\000h\000e\000\040\000C\000o\000u\000l\000o\000m\000b\000\040\000\050\000J\000\051\000\040\000b\000l\000o\000c\000k}{section.4}% 10
\BOOKMARK [2][-]{subsection.4.3}{\376\377\000T\000h\000e\000\040\000G\000a\000u\000n\000t\000\040\000\050\000J\000G\000\051\000\040\000b\000l\000o\000c\000k}{section.4}% 11
\BOOKMARK [2][-]{subsection.4.4}{\376\377\000T\000h\000e\000\040\000e\000x\000c\000h\000a\000n\000g\000e\000\040\000\050\000K\000\051\000\040\000b\000l\000o\000c\000k}{section.4}% 12
\BOOKMARK [2][-]{subsection.4.5}{\376\377\000T\000h\000e\000\040\000s\000p\000i\000n\000-\000f\000l\000i\000p\000\040\000\050\000L\000\051\000\040\000b\000l\000o\000c\000k}{section.4}% 13
\BOOKMARK [2][-]{subsection.4.6}{\376\377\000T\000h\000e\000\040\000\050\000K\000+\000K\000G\000\051\000\040\000b\000l\000o\000c\000k}{section.4}% 14
\BOOKMARK [2][-]{subsection.4.7}{\376\377\000T\000h\000e\000\040\000\050\000L\000+\000L\000G\000\051\000\040\000b\000l\000o\000c\000k}{section.4}% 15
\BOOKMARK [1][-]{section.5}{\376\377\000T\000h\000e\000\040\000m\000a\000s\000t\000e\000r\000\040\000f\000o\000r\000m\000u\000l\000a}{}% 16
\BOOKMARK [1][-]{section.6}{\376\377\000S\000e\000p\000a\000r\000a\000t\000i\000o\000n\000\040\000i\000n\000t\000o\000\040\000i\000n\000t\000r\000a\000-\000\040\000a\000n\000d\000\040\000i\000n\000t\000e\000r\000-\000s\000u\000b\000s\000p\000a\000c\000e\000\040\000t\000e\000r\000m\000s}{}% 17
\BOOKMARK [1][-]{section.7}{\376\377\000R\000e\000c\000o\000v\000e\000r\000y\000\040\000o\000f\000\040\000e\000a\000c\000h\000\040\000f\000u\000n\000c\000t\000i\000o\000n\000a\000l\000'\000s\000\040\000f\000i\000n\000a\000l\000\040\000e\000n\000e\000r\000g\000y\000\040\000e\000x\000p\000r\000e\000s\000s\000i\000o\000n}{}% 18
\BOOKMARK [2][-]{subsection.7.1}{\376\377\000P\000N\000O\000F\0005}{section.7}% 19
\BOOKMARK [2][-]{subsection.7.2}{\376\377\000P\000N\000O\000F\0007}{section.7}% 20
\BOOKMARK [2][-]{subsection.7.3}{\376\377\000P\000N\000O\000F\0007\000s}{section.7}% 21
\BOOKMARK [2][-]{subsection.7.4}{\376\377\000G\000N\000O\000F}{section.7}% 22
\BOOKMARK [1][-]{section.8}{\376\377\000T\000h\000e\000\040\000n\000o\000-\000p\000a\000i\000r\000\040\000D\000i\000r\000a\000c\040\023\000H\000a\000r\000t\000r\000e\000e\040\023\000F\000o\000c\000k\000\040\000l\000i\000m\000i\000t}{}% 23
\BOOKMARK [1][-]{section.9}{\376\377\000S\000u\000m\000m\000a\000r\000y\000\040\000t\000a\000b\000l\000e}{}% 24
\BOOKMARK [1][-]{section.10}{\376\377\000C\000o\000n\000c\000l\000u\000s\000i\000o\000n}{}% 25
